<!doctype html>
<html lang="en">

  <head>
    <meta charset="utf-8">

    <title>Canons of Medieval Incunabula for the Modern Web</title>

    <meta name="description" content="Explorations of the Golden Mean and Canons of Layout">
    <meta name="author" content="Darren DeRIdder">

    <meta name="apple-mobile-web-app-capable" content="yes" />
    <meta name="apple-mobile-web-app-status-bar-style" content="black-translucent" />

    <meta name="viewport" content="width=device-width, initial-scale=1.0, maximum-scale=1.0, user-scalable=no, minimal-ui">

    <link rel="stylesheet" href="css/reveal.css">
    <link rel="stylesheet" href="css/theme/black.css" id="theme">

    <!-- Code syntax highlighting -->
    <link rel="stylesheet" href="lib/css/zenburn.css">

    <!-- Printing and PDF exports -->
    <script>
      var link = document.createElement( 'link' );
      link.rel = 'stylesheet';
      link.type = 'text/css';
      link.href = window.location.search.match( /print-pdf/gi ) ? 'css/print/pdf.css' : 'css/print/paper.css';
      document.getElementsByTagName( 'head' )[0].appendChild( link );
    </script>

    <style>
    section.phi * {
      /*font-size: 1.5em;*/
      font-family: "Helvetica Neue", sans-serif;
      font-weight: 100;
      text-shadow: 2px 2px 6px #000000;
    }
    </style>

    <!--[if lt IE 9]>
    <script src="lib/js/html5shiv.js"></script>
    <![endif]-->
  </head>

  <body>

    <div class="reveal">

      <!-- Any section element inside of this container is displayed as a slide -->
      <div class="slides">

        <section class="phi" data-background="images/typgn.jpg">
          <h3>Secret Canons</h3>
        </section>

        <section class="phi">
          <h2>Secret Canons</h2>
          <p>of Medieval Incunabula</p>
          <p>The Golden Mean, Modernist Layout and the Web</p>
        </section>

        <!-- Example of nested vertical slides -->
        <section>
          <section class="phi">
            <p>Hi, I'm Darren</p>
            <p>@73rhodes</p>
          </section>
          <section class="phi">
            <p>Bridgewater. Kindsight. Alcatel-Lucent. Shopify.</p>
            <p>Telecom. AAA. Security. Mobile.</p>
            <p>Mobile World Congress. Blackhat.</p>
          </section>
        </section>

        <section>
          <section class="phi">
            <h3>Layout</h3>
            <p>Canonical or Accidental</p>
          </section>
          <section class="phi">
            <img src="images/screencap1.jpg"/>
            <p>grids</p>
          </section>
          <section class="phi">
            <img src="images/screencap3.jpg"/>
            <p>templates</p>
          </section>
          <section class="phi">
            <img src="images/bad-website2.jpg"/>
            <p>accidental?</p>
          </section>
          <section class="phi">
            <img src="images/bad-website1.jpg"/>
            <p>wtf?</p>
          </section>

        </section>

        <section>
          <section class="phi" data-background="images/incunabula.jpg">
            <h1>Incunabula</h1>
          </section>

          <section class="phi">
              <img src="images/incunabula139.jpg"></img>
              <p>"Phisicorum", HMD Collection, c. 1485</p>
          </section>

          <section class="phi">
            <img src="images/incunabula-3.jpg"></img>
            <p>University of Glasgow Collection, c. 1465</p>
          </section>

          <section class="phi">
            <img src="images/Gutenberg_Bible.jpg"></img>
            <p>Gutenberg Bible, Johannes Gutenberg, c. 1455</p>
          </section>

          <section class="phi">
            <img src="images/germ-1496-verso.jpg"></img>
            <p>unknown, 15th Century Germany
          </section>

        </section>

        <section>
          <section class="phi">
            <div>
              <img style="float: left;" src="images/tschichold_schreibt.jpg"/>
              <h2>Jan Tschichold</h2>
              <p>1902 - 1974</p>
              <p>
                The Form of the Book
              </p>
            </div>
          </section>
          <section class="phi">
            <img src="images/Bauhaus.jpg"/>
            <p>
              The Bauhaus School of Design, Dessau
            </p>
          </section>
          <section class="phi">
            <h2>The Golden Canon</h2>
            <img src="images/golden_canon.jpg"/>
          </section>

        </section>

        <section>
          <section class="phi">
            <img style="float: left;"src="images/rosarivo1.jpg"/>
            <h2>Raúl Rosarivo</h2>
            <p>1903 - 1966</p>
            <p>
              Divina proporción tipográfica, Argentina, 1953
            </p>
          </section>
          <section class="phi">
            <h2>Rosarivo's Canon</h2>
            <img src="images/rosarivo_canon.jpg"/>
          </section>
        </section>

        <section>
          <section class="phi">
            <h2>J. A. Van de Graaf</h2>
            <p>c. 1900</p>
            <p>"Nieuwe berekening voor de vormgeving" in Tete, Amsterdam, 1946</p>
          </section>
          <section class="phi">
            <h2>The Secret Canon</h2>
            <img src="images/vandegraaf_canon.jpg"/>
          </section>
        </section>

        <section>
          <section class="phi">
            <img style="float: left;" src="images/Villard_de_Honnecourt.jpg"/>
            <h2>Villard de Honnecourt</h2>
            <p>Folio, Picardy, 33 pages, c. 1230</p>
          </section>
          <section class="phi">
            <img style="float: left;" src="images/Villard_de_Honnecourt_29.jpg"/>
            <h3>Villard Folio</h3>
            <p>p. 29</p>
            <a href="http://commons.wikimedia.org/wiki/Villard_de_Honnecourt">View on Wikimedia Commons</a>
          </section>
          <section class="phi">
            <img style="float: left;" src="images/villard_diagram.jpg"/>
            <h3>The "Villard Diagram"</h3>
            <ul>
              <li>Attribution by Tschichold</li>
              <li>Divide into N equal parts</li>
              <li>Provenance unclear</li>
            </ul>
          </section>
        </section>

        <section>
          <section class="phi">
            <h3>The Golden Ratio</h3>
            <p>A / B = (A + B) / A</p>
            <span style="font-family: cursive;">φ = 1.61803398875</span>
          </section>
          <section class="phi">
            <h3>The Golden Rectangle</h3>
            <img src="images/gold_rec.gif"/>
          </section>
          <section class="phi">
            <img src="images/GoldenSpiral.gif"/>
          </section>
          <section class="phi">
            <img src="images/parthenon-golden-ratio.jpg"/>
          </section>
          <section class="phi">
            <img style="float: left;" src="images/davinci_vitruvian_man.jpg"/>
            <h3>Leonardo da Vinci</h3>
            <p>Vitruvian Man, c. 1490</p>
          </section>
          <section class="phi">
            <img style="float: left; margin-right: 25px;" src="images/ferrara_vitruvian_man.jpg"/>
            <h3>Giacomo Andrea Da Ferrara</h3>
            <p>Vitruvian Man, c.1490</p>
          </section>
          <section class="phi">
            <h3>Marcus Vitruvius Pollio</h3>
            <p><i>Di Architura</i></p>
            <p>c.80 BC - c. 15 BC</p>
          </section>
          <section class="phi">
            <img style="float: left; margin-right: 25px;" src="images/Euclid.jpg"/>
            <h3>Euclid</h3>
            <p><i>Elements</i>, c. 300 BC</p>
            <p>"A straight line is said to have been cut in extreme and mean ratio when, as the whole line is to the greater segment, so is the greater to the lesser."</p>
          </section>
          <section class="phi">
            <h3>Plato</h3>
            <p><i>Timaeus</i>, c.360 BC</p>
            <p>"For whenever in any three numbers, whether cube or square, there is a mean, which is to the last term what the first term is to it; and again, when the mean is to the first term as the last term is to the mean—then the mean becoming first and last, and the first and last both becoming means, they will all of them of necessity come to be the same, and having become the same with one another will be all one"</p>
          </section>
        </section>

        <section>
          <section class="phi">
            <h3>The Modern Web</h3>
          </section>
          <section class="phi">
            <p>
              a scrolling medium
            </p>
          </section>
          <section class="phi">
            <p>
              Arbitrary text areas -
            </p>
            <p>canons for book layout won't work</p>
          </section>
          <section class="phi">
            <p>
              CSS grid systems
              <ul>
                <li>Bootstrap</li>
                <li>Foundation</li>
                <li>960, etc.</li>
              </ul>
            </p>
          </section>
          <section class="phi">
            <p>
              <a href="https://73rhodes.github.io/phi">Phi.JS</a>
              - Secret Canons on the Web
            </p>
            <ul>
              <li>Van de Graaf's 'Secret Canon'</li>
              <li>Tschichold (new, based on Tschichold's Golden Canon)</li>
              <li>Optical Centering</li>
              <li>new: "Neo-Tschichold"</li>
            </ul>
          </section>
        </section>


        <section class="phi">
          <h1>finis</h1>
        </section>

      </div>

    </div>

    <script src="lib/js/head.min.js"></script>
    <script src="js/reveal.js"></script>

    <script>

      // Full list of configuration options available at:
      // https://github.com/hakimel/reveal.js#configuration
      Reveal.initialize({
        controls: true,
        progress: true,
        history: true,
        center: true,

        transition: 'zoom', // none/fade/slide/convex/concave/zoom

        // Optional reveal.js plugins
        dependencies: [
          { src: 'lib/js/classList.js', condition: function() { return !document.body.classList; } },
          { src: 'plugin/markdown/marked.js', condition: function() { return !!document.querySelector( '[data-markdown]' ); } },
          { src: 'plugin/markdown/markdown.js', condition: function() { return !!document.querySelector( '[data-markdown]' ); } },
          { src: 'plugin/highlight/highlight.js', async: true, condition: function() { return !!document.querySelector( 'pre code' ); }, callback: function() { hljs.initHighlightingOnLoad(); } },
          { src: 'plugin/zoom-js/zoom.js', async: true },
          { src: 'plugin/notes/notes.js', async: true }
        ]
      });

    </script>

  </body>
</html>
